V3 3
FL /home/lab661/xmastn02/Digital-electronics-1/Labs/02-comparator/comparator/top.vhd 2020/02/13.13:21:34 P.20131013
EN work/top 1581596501 \
      FL /home/lab661/xmastn02/Digital-electronics-1/Labs/02-comparator/comparator/top.vhd \
      PB ieee/std_logic_1164 1381692176
AR work/top/Behavioral 1581596502 \
      FL /home/lab661/xmastn02/Digital-electronics-1/Labs/02-comparator/comparator/top.vhd \
      EN work/top 1581596501
