V3 15
FL /home/lab661/Documents/xmastn02/Digital-electronics-1/Labs/04-adder/binary_adder/full_adder.vhd 2020/02/26.09:25:12 P.20131013
EN work/full_adder 1582710656 \
      FL /home/lab661/Documents/xmastn02/Digital-electronics-1/Labs/04-adder/binary_adder/full_adder.vhd \
      PB ieee/std_logic_1164 1381692176
AR work/full_adder/Behavioral 1582710657 \
      FL /home/lab661/Documents/xmastn02/Digital-electronics-1/Labs/04-adder/binary_adder/full_adder.vhd \
      EN work/full_adder 1582710656 CP work/half_adder
FL /home/lab661/Documents/xmastn02/Digital-electronics-1/Labs/04-adder/binary_adder/half_adder.vhd 2020/02/26.09:10:58 P.20131013
EN work/half_adder 1582710654 \
      FL /home/lab661/Documents/xmastn02/Digital-electronics-1/Labs/04-adder/binary_adder/half_adder.vhd \
      PB ieee/std_logic_1164 1381692176
AR work/half_adder/Behavioral 1582710655 \
      FL /home/lab661/Documents/xmastn02/Digital-electronics-1/Labs/04-adder/binary_adder/half_adder.vhd \
      EN work/half_adder 1582710654
FL /home/lab661/Documents/xmastn02/Digital-electronics-1/Labs/04-adder/binary_adder/hex_to_7seg.vhd 2020/02/26.10:03:07 P.20131013
EN work/hex_to_7seg 1582710658 \
      FL /home/lab661/Documents/xmastn02/Digital-electronics-1/Labs/04-adder/binary_adder/hex_to_7seg.vhd \
      PB ieee/std_logic_1164 1381692176
AR work/hex_to_7seg/Behavioral 1582710659 \
      FL /home/lab661/Documents/xmastn02/Digital-electronics-1/Labs/04-adder/binary_adder/hex_to_7seg.vhd \
      EN work/hex_to_7seg 1582710658
FL /home/lab661/Documents/xmastn02/Digital-electronics-1/Labs/04-adder/binary_adder/top.vhd 2020/02/26.10:50:49 P.20131013
EN work/top 1582710660 \
      FL /home/lab661/Documents/xmastn02/Digital-electronics-1/Labs/04-adder/binary_adder/top.vhd \
      PB ieee/std_logic_1164 1381692176
AR work/top/Behavioral 1582710661 \
      FL /home/lab661/Documents/xmastn02/Digital-electronics-1/Labs/04-adder/binary_adder/top.vhd \
      EN work/top 1582710660 CP work/full_adder CP work/hex_to_7seg
